// Vitest Snapshot v1, https://vitest.dev/guide/snapshot.html

exports[`App > should render the expected HTML 1`] = `
<div>
  <div>
    <a
      href="https://react.dev"
      target="_blank"
    >
      <img
        alt="React logo"
        class="logo react"
        src="/app/src/assets/react.svg"
      />
    </a>
  </div>
  <h1>
    React App
  </h1>
  <div
    class="card"
  >
    <button>
      count is 
      0
    </button>
    <p>
      Edit 
      <code>
        src/App.tsx
      </code>
       and save to test HMR
    </p>
  </div>
  <p
    class="read-the-docs"
  >
    Click on the React logos to learn more about these projects. Use "\\" to escape special characters when searching.
  </p>
</div>
`;
